// Jest Snapshot v1, https://goo.gl/fbAQLP

exports[`should contain p element  1`] = `
<h2
  class="home-head"
>
  Welcome to our page
</h2>
`;
